// Jest Snapshot v1, https://goo.gl/fbAQLP

exports[`<Home /> should be able to render correctly 1`] = `
<div>
  <div
    data-testid="Mock Header"
  />
  <div
    class="sc-kDDrLX bjkhes"
  >
    <ul
      class="sc-papXJ gxDyOm"
    />
    <div
      class="sc-iqcoie fbUbgs"
    >
      <div
        class="sc-crXcEl iKqUVm"
      >
        <button
          class="sc-breuTD CmIAE"
        >
          1
        </button>
        <button
          class="sc-breuTD fEpflM"
        >
          2
        </button>
        <button
          class="sc-breuTD fEpflM"
        >
          3
        </button>
        <span
          class="sc-evZas gSzlv"
        >
          . . .
        </span>
        <button
          class="sc-breuTD fEpflM"
        >
          Infinity
        </button>
      </div>
    </div>
  </div>
</div>
`;
