// Jest Snapshot v1, https://goo.gl/fbAQLP

exports[`<Home /> should be able to render correctly 1`] = `
.c4 {
  display: -webkit-box;
  display: -webkit-flex;
  display: -ms-flexbox;
  display: flex;
  -webkit-flex-wrap: wrap;
  -ms-flex-wrap: wrap;
  flex-wrap: wrap;
  width: 100%;
  gap: 0.8rem;
}

.c0 {
  max-width: 120rem;
  margin: 0 auto;
}

.c6 {
  width: 100%;
  display: -webkit-box;
  display: -webkit-flex;
  display: -ms-flexbox;
  display: flex;
  -webkit-align-items: center;
  -webkit-box-align: center;
  -ms-flex-align: center;
  align-items: center;
  -webkit-box-pack: center;
  -webkit-justify-content: center;
  -ms-flex-pack: center;
  justify-content: center;
}

.c7 {
  display: -webkit-box;
  display: -webkit-flex;
  display: -ms-flexbox;
  display: flex;
  -webkit-align-items: center;
  -webkit-box-align: center;
  -ms-flex-align: center;
  align-items: center;
  -webkit-box-pack: center;
  -webkit-justify-content: center;
  -ms-flex-pack: center;
  justify-content: center;
}

.c10 {
  width: 20px;
  margin: 0 1.6rem;
  text-align: center;
  padding-bottom: 0.8rem;
}

.c8 {
  cursor: pointer;
  background-color: #EEE;
  border: none;
  color: #29292E;
  padding: 0.8rem 1.6rem;
  border-radius: 0.4rem;
  -webkit-transition: background-color 0.1s ease-in-out;
  transition: background-color 0.1s ease-in-out;
  background-color: #835AFD;
  color: #FFFFFF;
}

.c8 + button {
  margin-left: 0.8rem;
}

.c8:hover {
  background-color: #e1e1e1;
}

.c8:hover {
  background-color: #7041fd;
}

.c9 {
  cursor: pointer;
  background-color: #EEE;
  border: none;
  color: #29292E;
  padding: 0.8rem 1.6rem;
  border-radius: 0.4rem;
  -webkit-transition: background-color 0.1s ease-in-out;
  transition: background-color 0.1s ease-in-out;
}

.c9 + button {
  margin-left: 0.8rem;
}

.c9:hover {
  background-color: #e1e1e1;
}

.c2 {
  color: #29292E;
  white-space: nowrap;
  overflow: hidden;
  text-overflow: ellipsis;
  font-size: 3.2rem;
}

.c1 {
  padding: 2.4rem 0 4.0rem;
}

.c3 {
  margin-bottom: 1.6rem;
}

.c5 {
  margin-top: 4.0rem;
}

@media (max-width:1170px) {
  .c0 {
    padding: 0 1.6rem;
  }
}

<div>
  <div
    data-testid="Mock Header"
  />
  <div
    class="c0"
  >
    <div
      class="c1"
    >
      <h2
        class="c2 c3"
      >
        Filmes Populares
      </h2>
      <ul
        class="c4"
      />
      <div
        class="c5"
      >
        <div
          class="c6"
        >
          <div
            class="c7"
          >
            <button
              class="c8"
            >
              1
            </button>
            <button
              class="c9"
            >
              2
            </button>
            <button
              class="c9"
            >
              3
            </button>
            <span
              class="c10"
            >
              . . .
            </span>
            <button
              class="c9"
            >
              Infinity
            </button>
          </div>
        </div>
      </div>
    </div>
  </div>
</div>
`;
