// Jest Snapshot v1, https://goo.gl/fbAQLP

exports[`<MovieCardList /> should be able to render correctly 1`] = `
.c3 {
  width: 100%;
  max-width: 250px;
  border: 1px solid #EEE;
  border-radius: 0.4rem;
  cursor: pointer;
  background-color: #FFFFFF;
  display: block;
  -webkit-text-decoration: none;
  text-decoration: none;
}

.c3:hover img {
  -webkit-transform: scale3d(1.05,1.05,1.05);
  -ms-transform: scale3d(1.05,1.05,1.05);
  transform: scale3d(1.05,1.05,1.05);
}

.c4 {
  overflow: hidden;
  display: -webkit-box;
  display: -webkit-flex;
  display: -ms-flexbox;
  display: flex;
}

.c5 {
  -webkit-transition: -webkit-transform 0.3s ease-in-out;
  -webkit-transition: transform 0.3s ease-in-out;
  transition: transform 0.3s ease-in-out;
  width: 100%;
}

.c6 {
  width: 100%;
  padding: 0.8rem;
}

.c7 {
  font-size: 1.6rem;
  color: #29292E;
  font-weight: 700;
  white-space: nowrap;
  overflow: hidden;
  text-overflow: ellipsis;
}

.c8 {
  display: -webkit-box;
  display: -webkit-flex;
  display: -ms-flexbox;
  display: flex;
  -webkit-align-items: center;
  -webkit-box-align: center;
  -ms-flex-align: center;
  align-items: center;
  -webkit-box-pack: justify;
  -webkit-justify-content: space-between;
  -ms-flex-pack: justify;
  justify-content: space-between;
  margin-top: 4px;
}

.c9 {
  color: #835AFD;
  font-size: 1.4rem;
  font-weight: 700;
}

.c10 {
  display: -webkit-box;
  display: -webkit-flex;
  display: -ms-flexbox;
  display: flex;
  -webkit-align-items: center;
  -webkit-box-align: center;
  -ms-flex-align: center;
  align-items: center;
  background-color: #835AFD;
  border-radius: 0.4rem;
  padding: 2px 4px;
  color: #FFFFFF;
}

.c10 svg {
  width: 1.2rem;
  height: 1.2rem;
  margin-right: 2px;
}

.c10 span {
  font-size: 1.2rem;
}

.c11 {
  display: inline-block;
  vertical-align: middle;
  overflow: hidden;
}

.c0 {
  display: -webkit-box;
  display: -webkit-flex;
  display: -ms-flexbox;
  display: flex;
  -webkit-flex-wrap: wrap;
  -ms-flex-wrap: wrap;
  flex-wrap: wrap;
  width: 100%;
  gap: 0.8rem;
}

.c1 {
  width: calc(20% - 16px);
  list-style: none;
}

.c1 .c2 {
  max-width: 100%;
}

@media (max-width:768px) {
  .c3 {
    max-width: 180px;
  }
}

@media (max-width:768px) {
  .c7 {
    font-size: 1.4rem;
  }
}

@media (max-width:768px) {
  .c9 {
    font-size: 1.2rem;
  }
}

@media (max-width:1170px) {
  .c1 {
    width: calc(25% - 16px);
  }
}

@media (max-width:768px) {
  .c1 {
    width: calc(33.3% - 16px);
  }
}

@media (max-width:450px) {
  .c1 {
    width: calc(50% - 16px);
  }
}

<div>
  <ul
    class="c0"
  >
    <li
      class="c1"
    >
      <a
        class="c2 c3"
        href="/movie/453395"
      >
        <div
          class="c4"
        >
          <img
            alt="Doutor Estranho no Multiverso da Loucura"
            class="c5"
            loading="lazy"
            src="https://image.tmdb.org/t/p/w500/boIgXXUhw5O3oVkhXsE6SJZkmYo.jpg"
          />
        </div>
        <div
          class="c6"
        >
          <h2
            class="c7"
          >
            Doutor Estranho no Multiverso da Loucura
          </h2>
          <div
            class="c8"
          >
            <span
              class="c9"
            >
              2022
            </span>
            <div
              class="c10"
            >
              <svg
                aria-hidden="true"
                class="c11"
                fill="currentColor"
                focusable="false"
                viewBox="0 0 24 24"
                xmlns="http://www.w3.org/2000/svg"
              >
                <path
                  d="M0 0h24v24H0z"
                  fill="none"
                />
                <path
                  d="M0 0h24v24H0z"
                  fill="none"
                />
                <path
                  d="M12 17.27L18.18 21l-1.64-7.03L22 9.24l-7.19-.61L12 2 9.19 8.63 2 9.24l5.46 4.73L5.82 21z"
                />
              </svg>
              <span>
                7.5
              </span>
            </div>
          </div>
        </div>
      </a>
    </li>
    <li
      class="c1"
    >
      <a
        class="c2 c3"
        href="/movie/4533500"
      >
        <div
          class="c4"
        >
          <img
            alt="Doutor Estranho no Multiverso da Loucura"
            class="c5"
            loading="lazy"
            src="https://image.tmdb.org/t/p/w500/boIgXXUhw5O3oVkhXsE6SJZkmYo.jpg"
          />
        </div>
        <div
          class="c6"
        >
          <h2
            class="c7"
          >
            Doutor Estranho no Multiverso da Loucura
          </h2>
          <div
            class="c8"
          >
            <span
              class="c9"
            >
              2022
            </span>
            <div
              class="c10"
            >
              <svg
                aria-hidden="true"
                class="c11"
                fill="currentColor"
                focusable="false"
                viewBox="0 0 24 24"
                xmlns="http://www.w3.org/2000/svg"
              >
                <path
                  d="M0 0h24v24H0z"
                  fill="none"
                />
                <path
                  d="M0 0h24v24H0z"
                  fill="none"
                />
                <path
                  d="M12 17.27L18.18 21l-1.64-7.03L22 9.24l-7.19-.61L12 2 9.19 8.63 2 9.24l5.46 4.73L5.82 21z"
                />
              </svg>
              <span>
                7.5
              </span>
            </div>
          </div>
        </div>
      </a>
    </li>
    <li
      class="c1"
    >
      <a
        class="c2 c3"
        href="/movie/4533400"
      >
        <div
          class="c4"
        >
          <img
            alt="Doutor Estranho no Multiverso da Loucura"
            class="c5"
            loading="lazy"
            src="https://image.tmdb.org/t/p/w500/boIgXXUhw5O3oVkhXsE6SJZkmYo.jpg"
          />
        </div>
        <div
          class="c6"
        >
          <h2
            class="c7"
          >
            Doutor Estranho no Multiverso da Loucura
          </h2>
          <div
            class="c8"
          >
            <span
              class="c9"
            >
              2022
            </span>
            <div
              class="c10"
            >
              <svg
                aria-hidden="true"
                class="c11"
                fill="currentColor"
                focusable="false"
                viewBox="0 0 24 24"
                xmlns="http://www.w3.org/2000/svg"
              >
                <path
                  d="M0 0h24v24H0z"
                  fill="none"
                />
                <path
                  d="M0 0h24v24H0z"
                  fill="none"
                />
                <path
                  d="M12 17.27L18.18 21l-1.64-7.03L22 9.24l-7.19-.61L12 2 9.19 8.63 2 9.24l5.46 4.73L5.82 21z"
                />
              </svg>
              <span>
                7.5
              </span>
            </div>
          </div>
        </div>
      </a>
    </li>
    <li
      class="c1"
    >
      <a
        class="c2 c3"
        href="/movie/453300"
      >
        <div
          class="c4"
        >
          <img
            alt="Doutor Estranho no Multiverso da Loucura"
            class="c5"
            loading="lazy"
            src="https://image.tmdb.org/t/p/w500/boIgXXUhw5O3oVkhXsE6SJZkmYo.jpg"
          />
        </div>
        <div
          class="c6"
        >
          <h2
            class="c7"
          >
            Doutor Estranho no Multiverso da Loucura
          </h2>
          <div
            class="c8"
          >
            <span
              class="c9"
            >
              2022
            </span>
            <div
              class="c10"
            >
              <svg
                aria-hidden="true"
                class="c11"
                fill="currentColor"
                focusable="false"
                viewBox="0 0 24 24"
                xmlns="http://www.w3.org/2000/svg"
              >
                <path
                  d="M0 0h24v24H0z"
                  fill="none"
                />
                <path
                  d="M0 0h24v24H0z"
                  fill="none"
                />
                <path
                  d="M12 17.27L18.18 21l-1.64-7.03L22 9.24l-7.19-.61L12 2 9.19 8.63 2 9.24l5.46 4.73L5.82 21z"
                />
              </svg>
              <span>
                7.5
              </span>
            </div>
          </div>
        </div>
      </a>
    </li>
    <li
      class="c1"
    >
      <a
        class="c2 c3"
        href="/movie/4533200"
      >
        <div
          class="c4"
        >
          <img
            alt="Doutor Estranho no Multiverso da Loucura"
            class="c5"
            loading="lazy"
            src="https://image.tmdb.org/t/p/w500/boIgXXUhw5O3oVkhXsE6SJZkmYo.jpg"
          />
        </div>
        <div
          class="c6"
        >
          <h2
            class="c7"
          >
            Doutor Estranho no Multiverso da Loucura
          </h2>
          <div
            class="c8"
          >
            <span
              class="c9"
            >
              2022
            </span>
            <div
              class="c10"
            >
              <svg
                aria-hidden="true"
                class="c11"
                fill="currentColor"
                focusable="false"
                viewBox="0 0 24 24"
                xmlns="http://www.w3.org/2000/svg"
              >
                <path
                  d="M0 0h24v24H0z"
                  fill="none"
                />
                <path
                  d="M0 0h24v24H0z"
                  fill="none"
                />
                <path
                  d="M12 17.27L18.18 21l-1.64-7.03L22 9.24l-7.19-.61L12 2 9.19 8.63 2 9.24l5.46 4.73L5.82 21z"
                />
              </svg>
              <span>
                7.5
              </span>
            </div>
          </div>
        </div>
      </a>
    </li>
    <li
      class="c1"
    >
      <a
        class="c2 c3"
        href="/movie/4533100"
      >
        <div
          class="c4"
        >
          <img
            alt="Doutor Estranho no Multiverso da Loucura"
            class="c5"
            loading="lazy"
            src="https://image.tmdb.org/t/p/w500/boIgXXUhw5O3oVkhXsE6SJZkmYo.jpg"
          />
        </div>
        <div
          class="c6"
        >
          <h2
            class="c7"
          >
            Doutor Estranho no Multiverso da Loucura
          </h2>
          <div
            class="c8"
          >
            <span
              class="c9"
            >
              2022
            </span>
            <div
              class="c10"
            >
              <svg
                aria-hidden="true"
                class="c11"
                fill="currentColor"
                focusable="false"
                viewBox="0 0 24 24"
                xmlns="http://www.w3.org/2000/svg"
              >
                <path
                  d="M0 0h24v24H0z"
                  fill="none"
                />
                <path
                  d="M0 0h24v24H0z"
                  fill="none"
                />
                <path
                  d="M12 17.27L18.18 21l-1.64-7.03L22 9.24l-7.19-.61L12 2 9.19 8.63 2 9.24l5.46 4.73L5.82 21z"
                />
              </svg>
              <span>
                7.5
              </span>
            </div>
          </div>
        </div>
      </a>
    </li>
  </ul>
</div>
`;
